// Vitest Snapshot v1, https://vitest.dev/guide/snapshot.html

exports[`Tests for the Card component > Clicking on a card opens a detailed card component 1`] = `
<div
  class="flex justify-between gap-5 cursor-pointer"
  data-testid="card"
>
  <img
    alt="animal picture"
    class="w-16 h-16"
    src="/src/assets/paw.png"
  />
  <div
    class="grow"
  >
    <h2
      class="font-extrabold mb-1"
    >
      testCard-0
    </h2>
    <p>
      Description: 
      avian
    </p>
  </div>
</div>
`;

exports[`Tests for the Card component > Clicking on a card opens a detailed card component 2`] = `
<aside
  class="relative w-1/3 bg-lime-700 text-white flex flex-col pt-40 items-center gap-6"
  data-testid="details"
>
  <button
    class="absolute top-14 right-14 flex items-center justify-center w-16 h-16 bg-lime-300 text-4xl p-3 rounded-full"
    data-testid="cross"
  >
    X
  </button>
  <span
    class="loader"
    data-testid="loader"
  />
</aside>
`;

exports[`Tests for the Card component > Clicking triggers an additional API call to fetch detailed information. 1`] = `
<div
  class="flex justify-between gap-5 cursor-pointer"
  data-testid="card"
>
  <img
    alt="animal picture"
    class="w-16 h-16"
    src="/src/assets/paw.png"
  />
  <div
    class="grow"
  >
    <h2
      class="font-extrabold mb-1"
    >
      testCard-0
    </h2>
    <p>
      Description: 
      avian
    </p>
  </div>
</div>
`;

exports[`Tests for the Card component > The card component renders the relevant card data 1`] = `
<div
  class="flex justify-between gap-5 cursor-pointer"
  data-testid="card"
>
  <img
    alt="animal picture"
    class="w-16 h-16"
    src="/src/assets/paw.png"
  />
  <div
    class="grow"
  >
    <h2
      class="font-extrabold mb-1"
    >
      testCard-0
    </h2>
    <p>
      Description: 
      avian
    </p>
  </div>
</div>
`;
