// Vitest Snapshot v1, https://vitest.dev/guide/snapshot.html

exports[`Tests for the Card List component > An appropriate message is displayed if no cards are present 1`] = `
<body>
  <div>
    <div
      class="w-1/3 m-auto mb-10 flex flex-col gap-5 "
      data-testid="search-results"
    >
      <p
        class="text-3xl"
        data-testid="no-found"
      >
        Nothing found:(
      </p>
    </div>
  </div>
</body>
`;

exports[`Tests for the Card List component > Component renders the specified number of cards - 7 1`] = `
<body>
  <div>
    <div
      class="w-1/3 m-auto mb-10 flex flex-col gap-5 "
      data-testid="search-results"
    >
      <div
        class="flex justify-between gap-5 cursor-pointer"
        data-testid="card"
      >
        <img
          alt="animal picture"
          class="w-16 h-16"
          data-nimg="1"
          decoding="async"
          height="100"
          loading="lazy"
          src="/_next/image?url=%2Fsrc%2Fassets%2Fpaw.png&w=256&q=75"
          srcset="/_next/image?url=%2Fsrc%2Fassets%2Fpaw.png&w=128&q=75 1x, /_next/image?url=%2Fsrc%2Fassets%2Fpaw.png&w=256&q=75 2x"
          style="color: transparent;"
          width="100"
        />
        <div
          class="grow"
        >
          <h2
            class="font-extrabold mb-1"
          >
            testCard-0
          </h2>
          <p>
            Description: 
            avian
          </p>
        </div>
      </div>
      <div
        class="flex justify-between gap-5 cursor-pointer"
        data-testid="card"
      >
        <img
          alt="animal picture"
          class="w-16 h-16"
          data-nimg="1"
          decoding="async"
          height="100"
          loading="lazy"
          src="/_next/image?url=%2Fsrc%2Fassets%2Fpaw.png&w=256&q=75"
          srcset="/_next/image?url=%2Fsrc%2Fassets%2Fpaw.png&w=128&q=75 1x, /_next/image?url=%2Fsrc%2Fassets%2Fpaw.png&w=256&q=75 2x"
          style="color: transparent;"
          width="100"
        />
        <div
          class="grow"
        >
          <h2
            class="font-extrabold mb-1"
          >
            testCard-1
          </h2>
          <p>
            Description: 
            avian
          </p>
        </div>
      </div>
      <div
        class="flex justify-between gap-5 cursor-pointer"
        data-testid="card"
      >
        <img
          alt="animal picture"
          class="w-16 h-16"
          data-nimg="1"
          decoding="async"
          height="100"
          loading="lazy"
          src="/_next/image?url=%2Fsrc%2Fassets%2Fpaw.png&w=256&q=75"
          srcset="/_next/image?url=%2Fsrc%2Fassets%2Fpaw.png&w=128&q=75 1x, /_next/image?url=%2Fsrc%2Fassets%2Fpaw.png&w=256&q=75 2x"
          style="color: transparent;"
          width="100"
        />
        <div
          class="grow"
        >
          <h2
            class="font-extrabold mb-1"
          >
            testCard-2
          </h2>
          <p>
            Description: 
            avian
          </p>
        </div>
      </div>
      <div
        class="flex justify-between gap-5 cursor-pointer"
        data-testid="card"
      >
        <img
          alt="animal picture"
          class="w-16 h-16"
          data-nimg="1"
          decoding="async"
          height="100"
          loading="lazy"
          src="/_next/image?url=%2Fsrc%2Fassets%2Fpaw.png&w=256&q=75"
          srcset="/_next/image?url=%2Fsrc%2Fassets%2Fpaw.png&w=128&q=75 1x, /_next/image?url=%2Fsrc%2Fassets%2Fpaw.png&w=256&q=75 2x"
          style="color: transparent;"
          width="100"
        />
        <div
          class="grow"
        >
          <h2
            class="font-extrabold mb-1"
          >
            testCard-3
          </h2>
          <p>
            Description: 
            avian
          </p>
        </div>
      </div>
      <div
        class="flex justify-between gap-5 cursor-pointer"
        data-testid="card"
      >
        <img
          alt="animal picture"
          class="w-16 h-16"
          data-nimg="1"
          decoding="async"
          height="100"
          loading="lazy"
          src="/_next/image?url=%2Fsrc%2Fassets%2Fpaw.png&w=256&q=75"
          srcset="/_next/image?url=%2Fsrc%2Fassets%2Fpaw.png&w=128&q=75 1x, /_next/image?url=%2Fsrc%2Fassets%2Fpaw.png&w=256&q=75 2x"
          style="color: transparent;"
          width="100"
        />
        <div
          class="grow"
        >
          <h2
            class="font-extrabold mb-1"
          >
            testCard-4
          </h2>
          <p>
            Description: 
            avian
          </p>
        </div>
      </div>
      <div
        class="flex justify-between gap-5 cursor-pointer"
        data-testid="card"
      >
        <img
          alt="animal picture"
          class="w-16 h-16"
          data-nimg="1"
          decoding="async"
          height="100"
          loading="lazy"
          src="/_next/image?url=%2Fsrc%2Fassets%2Fpaw.png&w=256&q=75"
          srcset="/_next/image?url=%2Fsrc%2Fassets%2Fpaw.png&w=128&q=75 1x, /_next/image?url=%2Fsrc%2Fassets%2Fpaw.png&w=256&q=75 2x"
          style="color: transparent;"
          width="100"
        />
        <div
          class="grow"
        >
          <h2
            class="font-extrabold mb-1"
          >
            testCard-5
          </h2>
          <p>
            Description: 
            avian
          </p>
        </div>
      </div>
      <div
        class="flex justify-between gap-5 cursor-pointer"
        data-testid="card"
      >
        <img
          alt="animal picture"
          class="w-16 h-16"
          data-nimg="1"
          decoding="async"
          height="100"
          loading="lazy"
          src="/_next/image?url=%2Fsrc%2Fassets%2Fpaw.png&w=256&q=75"
          srcset="/_next/image?url=%2Fsrc%2Fassets%2Fpaw.png&w=128&q=75 1x, /_next/image?url=%2Fsrc%2Fassets%2Fpaw.png&w=256&q=75 2x"
          style="color: transparent;"
          width="100"
        />
        <div
          class="grow"
        >
          <h2
            class="font-extrabold mb-1"
          >
            testCard-6
          </h2>
          <p>
            Description: 
            avian
          </p>
        </div>
      </div>
    </div>
  </div>
</body>
`;
