// Vitest Snapshot v1, https://vitest.dev/guide/snapshot.html

exports[`Tests for the 404 Page component > 404 page is displayed when navigating to an invalid route. 1`] = `
<body>
  <div>
    <main
      class="error-occured min-h-screen grid place-content-center grow"
    >
      <h2
        class="text-5xl"
      >
        Page not found :(
      </h2>
      <a
        class="w-fit bg-lime-700 py-3 px-10 mt-10 rounded text-white font-extrabold m-auto"
        href="/"
      >
        Back Home
      </a>
    </main>
  </div>
</body>
`;
